Archive member included to satisfy reference by file (symbol)

/home/hollowknight/st/stm32cubeide_1.16.1/plugins/com.st.stm32cube.ide.mcu.externaltools.gnu-tools-for-stm32.12.3.rel1.linux64_1.0.200.202406132123/tools/bin/../lib/gcc/arm-none-eabi/12.3.1/../../../../arm-none-eabi/lib/thumb/v7e-m+fp/hard/libc_nano.a(libc_a-exit.o)
                              /home/hollowknight/st/stm32cubeide_1.16.1/plugins/com.st.stm32cube.ide.mcu.externaltools.gnu-tools-for-stm32.12.3.rel1.linux64_1.0.200.202406132123/tools/bin/../lib/gcc/arm-none-eabi/12.3.1/../../../../arm-none-eabi/lib/thumb/v7e-m+fp/hard/crt0.o (exit)
/home/hollowknight/st/stm32cubeide_1.16.1/plugins/com.st.stm32cube.ide.mcu.externaltools.gnu-tools-for-stm32.12.3.rel1.linux64_1.0.200.202406132123/tools/bin/../lib/gcc/arm-none-eabi/12.3.1/../../../../arm-none-eabi/lib/thumb/v7e-m+fp/hard/libc_nano.a(libc_a-findfp.o)
                              /home/hollowknight/st/stm32cubeide_1.16.1/plugins/com.st.stm32cube.ide.mcu.externaltools.gnu-tools-for-stm32.12.3.rel1.linux64_1.0.200.202406132123/tools/bin/../lib/gcc/arm-none-eabi/12.3.1/../../../../arm-none-eabi/lib/thumb/v7e-m+fp/hard/libc_nano.a(libc_a-exit.o) (__stdio_exit_handler)
/home/hollowknight/st/stm32cubeide_1.16.1/plugins/com.st.stm32cube.ide.mcu.externaltools.gnu-tools-for-stm32.12.3.rel1.linux64_1.0.200.202406132123/tools/bin/../lib/gcc/arm-none-eabi/12.3.1/../../../../arm-none-eabi/lib/thumb/v7e-m+fp/hard/libc_nano.a(libc_a-fwalk.o)
                              /home/hollowknight/st/stm32cubeide_1.16.1/plugins/com.st.stm32cube.ide.mcu.externaltools.gnu-tools-for-stm32.12.3.rel1.linux64_1.0.200.202406132123/tools/bin/../lib/gcc/arm-none-eabi/12.3.1/../../../../arm-none-eabi/lib/thumb/v7e-m+fp/hard/libc_nano.a(libc_a-findfp.o) (_fwalk_sglue)
/home/hollowknight/st/stm32cubeide_1.16.1/plugins/com.st.stm32cube.ide.mcu.externaltools.gnu-tools-for-stm32.12.3.rel1.linux64_1.0.200.202406132123/tools/bin/../lib/gcc/arm-none-eabi/12.3.1/../../../../arm-none-eabi/lib/thumb/v7e-m+fp/hard/libc_nano.a(libc_a-printf.o)
                              ./Src/main.o (printf)
/home/hollowknight/st/stm32cubeide_1.16.1/plugins/com.st.stm32cube.ide.mcu.externaltools.gnu-tools-for-stm32.12.3.rel1.linux64_1.0.200.202406132123/tools/bin/../lib/gcc/arm-none-eabi/12.3.1/../../../../arm-none-eabi/lib/thumb/v7e-m+fp/hard/libc_nano.a(libc_a-stdio.o)
                              /home/hollowknight/st/stm32cubeide_1.16.1/plugins/com.st.stm32cube.ide.mcu.externaltools.gnu-tools-for-stm32.12.3.rel1.linux64_1.0.200.202406132123/tools/bin/../lib/gcc/arm-none-eabi/12.3.1/../../../../arm-none-eabi/lib/thumb/v7e-m+fp/hard/libc_nano.a(libc_a-findfp.o) (__sread)
/home/hollowknight/st/stm32cubeide_1.16.1/plugins/com.st.stm32cube.ide.mcu.externaltools.gnu-tools-for-stm32.12.3.rel1.linux64_1.0.200.202406132123/tools/bin/../lib/gcc/arm-none-eabi/12.3.1/../../../../arm-none-eabi/lib/thumb/v7e-m+fp/hard/libc_nano.a(libc_a-memset.o)
                              /home/hollowknight/st/stm32cubeide_1.16.1/plugins/com.st.stm32cube.ide.mcu.externaltools.gnu-tools-for-stm32.12.3.rel1.linux64_1.0.200.202406132123/tools/bin/../lib/gcc/arm-none-eabi/12.3.1/../../../../arm-none-eabi/lib/thumb/v7e-m+fp/hard/crt0.o (memset)
/home/hollowknight/st/stm32cubeide_1.16.1/plugins/com.st.stm32cube.ide.mcu.externaltools.gnu-tools-for-stm32.12.3.rel1.linux64_1.0.200.202406132123/tools/bin/../lib/gcc/arm-none-eabi/12.3.1/../../../../arm-none-eabi/lib/thumb/v7e-m+fp/hard/libc_nano.a(libc_a-closer.o)
                              /home/hollowknight/st/stm32cubeide_1.16.1/plugins/com.st.stm32cube.ide.mcu.externaltools.gnu-tools-for-stm32.12.3.rel1.linux64_1.0.200.202406132123/tools/bin/../lib/gcc/arm-none-eabi/12.3.1/../../../../arm-none-eabi/lib/thumb/v7e-m+fp/hard/libc_nano.a(libc_a-stdio.o) (_close_r)
/home/hollowknight/st/stm32cubeide_1.16.1/plugins/com.st.stm32cube.ide.mcu.externaltools.gnu-tools-for-stm32.12.3.rel1.linux64_1.0.200.202406132123/tools/bin/../lib/gcc/arm-none-eabi/12.3.1/../../../../arm-none-eabi/lib/thumb/v7e-m+fp/hard/libc_nano.a(libc_a-reent.o)
                              /home/hollowknight/st/stm32cubeide_1.16.1/plugins/com.st.stm32cube.ide.mcu.externaltools.gnu-tools-for-stm32.12.3.rel1.linux64_1.0.200.202406132123/tools/bin/../lib/gcc/arm-none-eabi/12.3.1/../../../../arm-none-eabi/lib/thumb/v7e-m+fp/hard/libc_nano.a(libc_a-closer.o) (errno)
/home/hollowknight/st/stm32cubeide_1.16.1/plugins/com.st.stm32cube.ide.mcu.externaltools.gnu-tools-for-stm32.12.3.rel1.linux64_1.0.200.202406132123/tools/bin/../lib/gcc/arm-none-eabi/12.3.1/../../../../arm-none-eabi/lib/thumb/v7e-m+fp/hard/libc_nano.a(libc_a-impure.o)
                              /home/hollowknight/st/stm32cubeide_1.16.1/plugins/com.st.stm32cube.ide.mcu.externaltools.gnu-tools-for-stm32.12.3.rel1.linux64_1.0.200.202406132123/tools/bin/../lib/gcc/arm-none-eabi/12.3.1/../../../../arm-none-eabi/lib/thumb/v7e-m+fp/hard/libc_nano.a(libc_a-printf.o) (_impure_ptr)
[...]
Memory Configuration

Name             Origin             Length             Attributes
RAM              0x20000000         0x00020000         xrw
FLASH            0x08000000         0x00080000         xr
*default*        0x00000000         0xffffffff

Linker script and memory map

LOAD /home/hollowknight/st/stm32cubeide_1.16.1/plugins/com.st.stm32cube.ide.mcu.externaltools.gnu-tools-for-stm32.12.3.rel1.linux64_1.0.200.202406132123/tools/bin/../lib/gcc/arm-none-eabi/12.3.1/thumb/v7e-m+fp/hard/crti.o
LOAD /home/hollowknight/st/stm32cubeide_1.16.1/plugins/com.st.stm32cube.ide.mcu.externaltools.gnu-tools-for-stm32.12.3.rel1.linux64_1.0.200.202406132123/tools/bin/../lib/gcc/arm-none-eabi/12.3.1/thumb/v7e-m+fp/hard/crtbegin.o
LOAD /home/hollowknight/st/stm32cubeide_1.16.1/plugins/com.st.stm32cube.ide.mcu.externaltools.gnu-tools-for-stm32.12.3.rel1.linux64_1.0.200.202406132123/tools/bin/../lib/gcc/arm-none-eabi/12.3.1/../../../../arm-none-eabi/lib/thumb/v7e-m+fp/hard/crt0.o
LOAD ./Src/kernel.o
LOAD ./Src/led.o
LOAD ./Src/main.o
LOAD ./Src/syscalls.o
LOAD ./Src/sysmem.o
LOAD ./Src/timebase.o
LOAD ./Src/uart.o
LOAD ./Startup/startup_stm32f446retx.o
START GROUP
LOAD /home/hollowknight/st/stm32cubeide_1.16.1/plugins/com.st.stm32cube.ide.mcu.externaltools.gnu-tools-for-stm32.12.3.rel1.linux64_1.0.200.202406132123/tools/bin/../lib/gcc/arm-none-eabi/12.3.1/../../../../arm-none-eabi/lib/thumb/v7e-m+fp/hard/libc_nano.a
LOAD /home/hollowknight/st/stm32cubeide_1.16.1/plugins/com.st.stm32cube.ide.mcu.externaltools.gnu-tools-for-stm32.12.3.rel1.linux64_1.0.200.202406132123/tools/bin/../lib/gcc/arm-none-eabi/12.3.1/../../../../arm-none-eabi/lib/thumb/v7e-m+fp/hard/libm.a
END GROUP
START GROUP
LOAD /home/hollowknight/st/stm32cubeide_1.16.1/plugins/com.st.stm32cube.ide.mcu.externaltools.gnu-tools-for-stm32.12.3.rel1.linux64_1.0.200.202406132123/tools/bin/../lib/gcc/arm-none-eabi/12.3.1/thumb/v7e-m+fp/hard/libgcc.a
LOAD /home/hollowknight/st/stm32cubeide_1.16.1/plugins/com.st.stm32cube.ide.mcu.externaltools.gnu-tools-for-stm32.12.3.rel1.linux64_1.0.200.202406132123/tools/bin/../lib/gcc/arm-none-eabi/12.3.1/../../../../arm-none-eabi/lib/thumb/v7e-m+fp/hard/libc_nano.a
END GROUP
START GROUP
LOAD /home/hollowknight/st/stm32cubeide_1.16.1/plugins/com.st.stm32cube.ide.mcu.externaltools.gnu-tools-for-stm32.12.3.rel1.linux64_1.0.200.202406132123/tools/bin/../lib/gcc/arm-none-eabi/12.3.1/thumb/v7e-m+fp/hard/libgcc.a
LOAD /home/hollowknight/st/stm32cubeide_1.16.1/plugins/com.st.stm32cube.ide.mcu.externaltools.gnu-tools-for-stm32.12.3.rel1.linux64_1.0.200.202406132123/tools/bin/../lib/gcc/arm-none-eabi/12.3.1/../../../../arm-none-eabi/lib/thumb/v7e-m+fp/hard/libc_nano.a
LOAD /home/hollowknight/st/stm32cubeide_1.16.1/plugins/com.st.stm32cube.ide.mcu.externaltools.gnu-tools-for-stm32.12.3.rel1.linux64_1.0.200.202406132123/tools/bin/../lib/gcc/arm-none-eabi/12.3.1/../../../../arm-none-eabi/lib/thumb/v7e-m+fp/hard/libnosys.a
END GROUP
START GROUP
LOAD /home/hollowknight/st/stm32cubeide_1.16.1/plugins/com.st.stm32cube.ide.mcu.externaltools.gnu-tools-for-stm32.12.3.rel1.linux64_1.0.200.202406132123/tools/bin/../lib/gcc/arm-none-eabi/12.3.1/thumb/v7e-m+fp/hard/libgcc.a
LOAD /home/hollowknight/st/stm32cubeide_1.16.1/plugins/com.st.stm32cube.ide.mcu.externaltools.gnu-tools-for-stm32.12.3.rel1.linux64_1.0.200.202406132123/tools/bin/../lib/gcc/arm-none-eabi/12.3.1/../../../../arm-none-eabi/lib/thumb/v7e-m+fp/hard/libc_nano.a
LOAD /home/hollowknight/st/stm32cubeide_1.16.1/plugins/com.st.stm32cube.ide.mcu.externaltools.gnu-tools-for-stm32.12.3.rel1.linux64_1.0.200.202406132123/tools/bin/../lib/gcc/arm-none-eabi/12.3.1/../../../../arm-none-eabi/lib/thumb/v7e-m+fp/hard/libnosys.a
END GROUP
LOAD /home/hollowknight/st/stm32cubeide_1.16.1/plugins/com.st.stm32cube.ide.mcu.externaltools.gnu-tools-for-stm32.12.3.rel1.linux64_1.0.200.202406132123/tools/bin/../lib/gcc/arm-none-eabi/12.3.1/thumb/v7e-m+fp/hard/crtend.o
LOAD /home/hollowknight/st/stm32cubeide_1.16.1/plugins/com.st.stm32cube.ide.mcu.externaltools.gnu-tools-for-stm32.12.3.rel1.linux64_1.0.200.202406132123/tools/bin/../lib/gcc/arm-none-eabi/12.3.1/thumb/v7e-m+fp/hard/crtn.o
                0x20020000                        _estack = (ORIGIN (RAM) + LENGTH (RAM))
                0x00000200                        _Min_Heap_Size = 0x200
                0x00000400                        _Min_Stack_Size = 0x400

.isr_vector     0x08000000      0x1c4
                0x08000000                        . = ALIGN (0x4)
 *(.isr_vector)
 .isr_vector    0x08000000      0x1c4 ./Startup/startup_stm32f446retx.o
                0x08000000                g_pfnVectors
                0x080001c4                        . = ALIGN (0x4)

.text           0x080001d0     0x166c
                0x080001d0                        . = ALIGN (0x4)
 *(.text)
 .text          0x080001d0       0x40 /home/hollowknight/st/stm32cubeide_1.16.1/plugins/com.st.stm32cube.ide.mcu.externaltools.gnu-tools-for-stm32.12.3.rel1.linux64_1.0.200.202406132123/tools/bin/../lib/gcc/arm-none-eabi/12.3.1/thumb/v7e-m+fp/hard/crtbegin.o
 .text          0x08000210       0xa0 /home/hollowknight/st/stm32cubeide_1.16.1/plugins/com.st.stm32cube.ide.mcu.externaltools.gnu-tools-for-stm32.12.3.rel1.linux64_1.0.200.202406132123/tools/bin/../lib/gcc/arm-none-eabi/12.3.1/../../../../arm-none-eabi/lib/thumb/v7e-m+fp/hard/libc_nano.a(libc_a-memchr.o)
                0x08000210                memchr
 *(.text*)
 .text.__NVIC_SetPriority
                0x080002b0       0x54 ./Src/kernel.o
 .text.kernel_stack_init
                0x08000304      0x1a0 ./Src/kernel.o
                0x08000304                kernel_stack_init
 .text.kernel_add_threads
                0x080004a4       0x78 ./Src/kernel.o
                0x080004a4                kernel_add_threads
 .text.kernel_init
                0x0800051c       0x1c ./Src/kernel.o
                0x0800051c                kernel_init
 .text.kernel_launch
                0x08000538       0x60 ./Src/kernel.o
                0x08000538                kernel_launch
 .text.SysTick_Handler
                0x08000598       0x24 ./Src/kernel.o
                0x08000598                SysTick_Handler
 .text.scheduler_launch
                0x080005bc       0x30 ./Src/kernel.o
                0x080005bc                scheduler_launch
 .text.led_init
                0x080005ec       0x3c ./Src/led.o
                0x080005ec                led_init
 .text.task0    0x08000628       0x14 ./Src/main.o
                0x08000628                task0
 .text.task1    0x0800063c       0x14 ./Src/main.o
                0x0800063c                task1
 .text.task2    0x08000650       0x14 ./Src/main.o
                0x08000650                task2
 .text.main     0x08000664       0x4c ./Src/main.o
                0x08000664                main
 .text._read    0x080006b0       0x3a ./Src/syscalls.o
                0x080006b0                _read
 .text._write   0x080006ea       0x38 ./Src/syscalls.o
                0x080006ea                _write
 .text._close   0x08000722       0x18 ./Src/syscalls.o
                0x08000722                _close
 .text._fstat   0x0800073a       0x20 ./Src/syscalls.o
                0x0800073a                _fstat
 .text._isatty  0x0800075a       0x16 ./Src/syscalls.o
                0x0800075a                _isatty
 .text._lseek   0x08000770       0x1a ./Src/syscalls.o
                0x08000770                _lseek
 *fill*         0x0800078a        0x2 
 .text._sbrk    0x0800078c       0x6c ./Src/sysmem.o
                0x0800078c                _sbrk
 .text.timebase_init
                0x080007f8       0x4c ./Src/timebase.o
                0x080007f8                timebase_init
 .text.__io_putchar
                0x08000844       0x18 ./Src/uart.o
                0x08000844                __io_putchar
 .text.uart_tx_init
                0x0800085c       0x94 ./Src/uart.o
                0x0800085c                uart_tx_init
 .text.uart_write
                0x080008f0       0x30 ./Src/uart.o
 .text.set_uart_baudrate
                0x08000920       0x2c ./Src/uart.o
 .text.compute_uart_baudrate
                0x0800094c       0x24 ./Src/uart.o
 .text.Reset_Handler
                0x08000970       0x50 ./Startup/startup_stm32f446retx.o
                0x08000970                Reset_Handler
 .text.Default_Handler
                0x080009c0        0x2 ./Startup/startup_stm32f446retx.o
                0x080009c0                RTC_Alarm_IRQHandler
                0x080009c0                EXTI2_IRQHandler
                0x080009c0                TIM8_CC_IRQHandler
                0x080009c0                SPDIF_Rx_IRQHandler
                0x080009c0                DebugMon_Handler
                0x080009c0                SPI4_IRQHandler
                0x080009c0                TIM1_CC_IRQHandler
                0x080009c0                QuadSPI_IRQHandler
                0x080009c0                DMA2_Stream5_IRQHandler
                0x080009c0                HardFault_Handler
                0x080009c0                DMA1_Stream5_IRQHandler
                0x080009c0                PVD_IRQHandler
                0x080009c0                SDIO_IRQHandler
                0x080009c0                TAMP_STAMP_IRQHandler
                0x080009c0                PendSV_Handler
                0x080009c0                NMI_Handler
                0x080009c0                CAN2_RX1_IRQHandler
                0x080009c0                EXTI3_IRQHandler
                0x080009c0                TIM8_TRG_COM_TIM14_IRQHandler
                0x080009c0                TIM1_UP_TIM10_IRQHandler
                0x080009c0                FMPI2C1_error_IRQHandler
                0x080009c0                TIM8_UP_TIM13_IRQHandler
                0x080009c0                I2C3_ER_IRQHandler
                0x080009c0                EXTI0_IRQHandler
                0x080009c0                I2C2_EV_IRQHandler
                0x080009c0                DMA1_Stream2_IRQHandler
                0x080009c0                CAN1_RX0_IRQHandler
                0x080009c0                OTG_HS_WKUP_IRQHandler
                0x080009c0                UsageFault_Handler
                0x080009c0                CAN2_SCE_IRQHandler
                0x080009c0                DMA2_Stream2_IRQHandler
                0x080009c0                SPI1_IRQHandler
                0x080009c0                TIM6_DAC_IRQHandler
                0x080009c0                TIM1_BRK_TIM9_IRQHandler
                0x080009c0                DCMI_IRQHandler
                0x080009c0                CAN2_RX0_IRQHandler
                0x080009c0                DMA2_Stream3_IRQHandler
                0x080009c0                FMPI2C1_IRQHandler
                0x080009c0                SAI2_IRQHandler
                0x080009c0                USART6_IRQHandler
                0x080009c0                USART3_IRQHandler
                0x080009c0                CAN1_RX1_IRQHandler
                0x080009c0                UART5_IRQHandler
                0x080009c0                DMA2_Stream0_IRQHandler
                0x080009c0                TIM4_IRQHandler
                0x080009c0                I2C1_EV_IRQHandler
                0x080009c0                HDMI_CEC_IRQHandler
                0x080009c0                DMA1_Stream6_IRQHandler
                0x080009c0                DMA1_Stream1_IRQHandler
                0x080009c0                UART4_IRQHandler
                0x080009c0                TIM3_IRQHandler
                0x080009c0                RCC_IRQHandler
                0x080009c0                TIM8_BRK_TIM12_IRQHandler
                0x080009c0                Default_Handler
                0x080009c0                EXTI15_10_IRQHandler
                0x080009c0                ADC_IRQHandler
                0x080009c0                DMA1_Stream7_IRQHandler
                0x080009c0                TIM7_IRQHandler
                0x080009c0                CAN2_TX_IRQHandler
                0x080009c0                TIM5_IRQHandler
                0x080009c0                DMA2_Stream7_IRQHandler
                0x080009c0                I2C3_EV_IRQHandler
                0x080009c0                EXTI9_5_IRQHandler
                0x080009c0                RTC_WKUP_IRQHandler
                0x080009c0                SPI2_IRQHandler
                0x080009c0                OTG_HS_EP1_IN_IRQHandler
                0x080009c0                MemManage_Handler
                0x080009c0                DMA1_Stream0_IRQHandler
                0x080009c0                CAN1_TX_IRQHandler
                0x080009c0                SVC_Handler
                0x080009c0                EXTI4_IRQHandler
                0x080009c0                OTG_HS_EP1_OUT_IRQHandler
                0x080009c0                WWDG_IRQHandler
                0x080009c0                TIM2_IRQHandler
                0x080009c0                OTG_FS_WKUP_IRQHandler
                0x080009c0                TIM1_TRG_COM_TIM11_IRQHandler
                0x080009c0                OTG_HS_IRQHandler
                0x080009c0                EXTI1_IRQHandler
                0x080009c0                USART2_IRQHandler
                0x080009c0                I2C2_ER_IRQHandler
                0x080009c0                DMA2_Stream1_IRQHandler
                0x080009c0                CAN1_SCE_IRQHandler
                0x080009c0                FLASH_IRQHandler
                0x080009c0                DMA2_Stream4_IRQHandler
                0x080009c0                BusFault_Handler
                0x080009c0                USART1_IRQHandler
                0x080009c0                OTG_FS_IRQHandler
                0x080009c0                SPI3_IRQHandler
                0x080009c0                DMA1_Stream4_IRQHandler
                0x080009c0                I2C1_ER_IRQHandler
                0x080009c0                FMC_IRQHandler
                0x080009c0                DMA2_Stream6_IRQHandler
                0x080009c0                SAI1_IRQHandler
                0x080009c0                DMA1_Stream3_IRQHandler
 *fill*         0x080009c2        0x2 
 .text.std      0x080009c4       0x6c /home/hollowknight/st/stm32cubeide_1.16.1/plugins/com.st.stm32cube.ide.mcu.externaltools.gnu-tools-for-stm32.12.3.rel1.linux64_1.0.200.202406132123/tools/bin/../lib/gcc/arm-none-eabi/12.3.1/../../../../arm-none-eabi/lib/thumb/v7e-m+fp/hard/libc_nano.a(libc_a-findfp.o)
 .text.stdio_exit_handler
                0x08000a30       0x18 /home/hollowknight/st/stm32cubeide_1.16.1/plugins/com.st.stm32cube.ide.mcu.externaltools.gnu-tools-for-stm32.12.3.rel1.linux64_1.0.200.202406132123/tools/bin/../lib/gcc/arm-none-eabi/12.3.1/../../../../arm-none-eabi/lib/thumb/v7e-m+fp/hard/libc_nano.a(libc_a-findfp.o)
 .text.cleanup_stdio
                0x08000a48       0x40 /home/hollowknight/st/stm32cubeide_1.16.1/plugins/com.st.stm32cube.ide.mcu.externaltools.gnu-tools-for-stm32.12.3.rel1.linux64_1.0.200.202406132123/tools/bin/../lib/gcc/arm-none-eabi/12.3.1/../../../../arm-none-eabi/lib/thumb/v7e-m+fp/hard/libc_nano.a(libc_a-findfp.o)
 .text.global_stdio_init.part.0
                0x08000a88       0x3c /home/hollowknight/st/stm32cubeide_1.16.1/plugins/com.st.stm32cube.ide.mcu.externaltools.gnu-tools-for-stm32.12.3.rel1.linux64_1.0.200.202406132123/tools/bin/../lib/gcc/arm-none-eabi/12.3.1/../../../../arm-none-eabi/lib/thumb/v7e-m+fp/hard/libc_nano.a(libc_a-findfp.o)
 .text.__sfp_lock_acquire
                0x08000ac4        0xc /home/hollowknight/st/stm32cubeide_1.16.1/plugins/com.st.stm32cube.ide.mcu.externaltools.gnu-tools-for-stm32.12.3.rel1.linux64_1.0.200.202406132123/tools/bin/../lib/gcc/arm-none-eabi/12.3.1/../../../../arm-none-eabi/lib/thumb/v7e-m+fp/hard/libc_nano.a(libc_a-findfp.o)
                0x08000ac4                __sfp_lock_acquire
 .text.__sfp_lock_release
                0x08000ad0        0xc /home/hollowknight/st/stm32cubeide_1.16.1/plugins/com.st.stm32cube.ide.mcu.externaltools.gnu-tools-for-stm32.12.3.rel1.linux64_1.0.200.202406132123/tools/bin/../lib/gcc/arm-none-eabi/12.3.1/../../../../arm-none-eabi/lib/thumb/v7e-m+fp/hard/libc_nano.a(libc_a-findfp.o)
                0x08000ad0                __sfp_lock_release
 .text.__sinit  0x08000adc       0x30 /home/hollowknight/st/stm32cubeide_1.16.1/plugins/com.st.stm32cube.ide.mcu.externaltools.gnu-tools-for-stm32.12.3.rel1.linux64_1.0.200.202406132123/tools/bin/../lib/gcc/arm-none-eabi/12.3.1/../../../../arm-none-eabi/lib/thumb/v7e-m+fp/hard/libc_nano.a(libc_a-findfp.o)
                0x08000adc                __sinit
 .text._fwalk_sglue
                0x08000b0c       0x3c /home/hollowknight/st/stm32cubeide_1.16.1/plugins/com.st.stm32cube.ide.mcu.externaltools.gnu-tools-for-stm32.12.3.rel1.linux64_1.0.200.202406132123/tools/bin/../lib/gcc/arm-none-eabi/12.3.1/../../../../arm-none-eabi/lib/thumb/v7e-m+fp/hard/libc_nano.a(libc_a-fwalk.o)
                0x08000b0c                _fwalk_sglue
 .text.printf   0x08000b48       0x24 /home/hollowknight/st/stm32cubeide_1.16.1/plugins/com.st.stm32cube.ide.mcu.externaltools.gnu-tools-for-stm32.12.3.rel1.linux64_1.0.200.202406132123/tools/bin/../lib/gcc/arm-none-eabi/12.3.1/../../../../arm-none-eabi/lib/thumb/v7e-m+fp/hard/libc_nano.a(libc_a-printf.o)
                0x08000b48                printf
                0x08000b48                iprintf
 .text.__sread  0x08000b6c       0x22 /home/hollowknight/st/stm32cubeide_1.16.1/plugins/com.st.stm32cube.ide.mcu.externaltools.gnu-tools-for-stm32.12.3.rel1.linux64_1.0.200.202406132123/tools/bin/../lib/gcc/arm-none-eabi/12.3.1/../../../../arm-none-eabi/lib/thumb/v7e-m+fp/hard/libc_nano.a(libc_a-stdio.o)
                0x08000b6c                __sread
 .text.__swrite
                0x08000b8e       0x38 /home/hollowknight/st/stm32cubeide_1.16.1/plugins/com.st.stm32cube.ide.mcu.externaltools.gnu-tools-for-stm32.12.3.rel1.linux64_1.0.200.202406132123/tools/bin/../lib/gcc/arm-none-eabi/12.3.1/../../../../arm-none-eabi/lib/thumb/v7e-m+fp/hard/libc_nano.a(libc_a-stdio.o)
                0x08000b8e                __swrite
 .text.__sseek  0x08000bc6       0x24 /home/hollowknight/st/stm32cubeide_1.16.1/plugins/com.st.stm32cube.ide.mcu.externaltools.gnu-tools-for-stm32.12.3.rel1.linux64_1.0.200.202406132123/tools/bin/../lib/gcc/arm-none-eabi/12.3.1/../../../../arm-none-eabi/lib/thumb/v7e-m+fp/hard/libc_nano.a(libc_a-stdio.o)
                0x08000bc6                __sseek
 .text.__sclose
                0x08000bea        0x8 /home/hollowknight/st/stm32cubeide_1.16.1/plugins/com.st.stm32cube.ide.mcu.externaltools.gnu-tools-for-stm32.12.3.rel1.linux64_1.0.200.202406132123/tools/bin/../lib/gcc/arm-none-eabi/12.3.1/../../../../arm-none-eabi/lib/thumb/v7e-m+fp/hard/libc_nano.a(libc_a-stdio.o)
                0x08000bea                __sclose
 .text.memset   0x08000bf2       0x10 /home/hollowknight/st/stm32cubeide_1.16.1/plugins/com.st.stm32cube.ide.mcu.externaltools.gnu-tools-for-stm32.12.3.rel1.linux64_1.0.200.202406132123/tools/bin/../lib/gcc/arm-none-eabi/12.3.1/../../../../arm-none-eabi/lib/thumb/v7e-m+fp/hard/libc_nano.a(libc_a-memset.o)
                0x08000bf2                memset
 *fill*         0x08000c02        0x2 
 .text._close_r
                0x08000c04       0x20 /home/hollowknight/st/stm32cubeide_1.16.1/plugins/com.st.stm32cube.ide.mcu.externaltools.gnu-tools-for-stm32.12.3.rel1.linux64_1.0.200.202406132123/tools/bin/../lib/gcc/arm-none-eabi/12.3.1/../../../../arm-none-eabi/lib/thumb/v7e-m+fp/hard/libc_nano.a(libc_a-closer.o)
                0x08000c04                _close_r
 .text._lseek_r
                0x08000c24       0x24 /home/hollowknight/st/stm32cubeide_1.16.1/plugins/com.st.stm32cube.ide.mcu.externaltools.gnu-tools-for-stm32.12.3.rel1.linux64_1.0.200.202406132123/tools/bin/../lib/gcc/arm-none-eabi/12.3.1/../../../../arm-none-eabi/lib/thumb/v7e-m+fp/hard/libc_nano.a(libc_a-lseekr.o)
                0x08000c24                _lseek_r
 .text._read_r  0x08000c48       0x24 /home/hollowknight/st/stm32cubeide_1.16.1/plugins/com.st.stm32cube.ide.mcu.externaltools.gnu-tools-for-stm32.12.3.rel1.linux64_1.0.200.202406132123/tools/bin/../lib/gcc/arm-none-eabi/12.3.1/../../../../arm-none-eabi/lib/thumb/v7e-m+fp/hard/libc_nano.a(libc_a-readr.o)
                0x08000c48                _read_r
 .text._write_r
                0x08000c6c       0x24 /home/hollowknight/st/stm32cubeide_1.16.1/plugins/com.st.stm32cube.ide.mcu.externaltools.gnu-tools-for-stm32.12.3.rel1.linux64_1.0.200.202406132123/tools/bin/../lib/gcc/arm-none-eabi/12.3.1/../../../../arm-none-eabi/lib/thumb/v7e-m+fp/hard/libc_nano.a(libc_a-writer.o)
                0x08000c6c                _write_r
 .text.__errno  0x08000c90        0xc /home/hollowknight/st/stm32cubeide_1.16.1/plugins/com.st.stm32cube.ide.mcu.externaltools.gnu-tools-for-stm32.12.3.rel1.linux64_1.0.200.202406132123/tools/bin/../lib/gcc/arm-none-eabi/12.3.1/../../../../arm-none-eabi/lib/thumb/v7e-m+fp/hard/libc_nano.a(libc_a-errno.o)
                0x08000c90                __errno
 .text.__libc_init_array
                0x08000c9c       0x48 /home/hollowknight/st/stm32cubeide_1.16.1/plugins/com.st.stm32cube.ide.mcu.externaltools.gnu-tools-for-stm32.12.3.rel1.linux64_1.0.200.202406132123/tools/bin/../lib/gcc/arm-none-eabi/12.3.1/../../../../arm-none-eabi/lib/thumb/v7e-m+fp/hard/libc_nano.a(libc_a-init.o)
                0x08000c9c                __libc_init_array
 .text.__retarget_lock_init_recursive
                0x08000ce4        0x2 /home/hollowknight/st/stm32cubeide_1.16.1/plugins/com.st.stm32cube.ide.mcu.externaltools.gnu-tools-for-stm32.12.3.rel1.linux64_1.0.200.202406132123/tools/bin/../lib/gcc/arm-none-eabi/12.3.1/../../../../arm-none-eabi/lib/thumb/v7e-m+fp/hard/libc_nano.a(libc_a-lock.o)
                0x08000ce4                __retarget_lock_init_recursive
 .text.__retarget_lock_acquire_recursive
                0x08000ce6        0x2 /home/hollowknight/st/stm32cubeide_1.16.1/plugins/com.st.stm32cube.ide.mcu.externaltools.gnu-tools-for-stm32.12.3.rel1.linux64_1.0.200.202406132123/tools/bin/../lib/gcc/arm-none-eabi/12.3.1/../../../../arm-none-eabi/lib/thumb/v7e-m+fp/hard/libc_nano.a(libc_a-lock.o)
                0x08000ce6                __retarget_lock_acquire_recursive
 .text.__retarget_lock_release_recursive
                0x08000ce8        0x2 /home/hollowknight/st/stm32cubeide_1.16.1/plugins/com.st.stm32cube.ide.mcu.externaltools.gnu-tools-for-stm32.12.3.rel1.linux64_1.0.200.202406132123/tools/bin/../lib/gcc/arm-none-eabi/12.3.1/../../../../arm-none-eabi/lib/thumb/v7e-m+fp/hard/libc_nano.a(libc_a-lock.o)
                0x08000ce8                __retarget_lock_release_recursive
 *fill*         0x08000cea        0x2 
 .text._free_r  0x08000cec       0x94 /home/hollowknight/st/stm32cubeide_1.16.1/plugins/com.st.stm32cube.ide.mcu.externaltools.gnu-tools-for-stm32.12.3.rel1.linux64_1.0.200.202406132123/tools/bin/../lib/gcc/arm-none-eabi/12.3.1/../../../../arm-none-eabi/lib/thumb/v7e-m+fp/hard/libc_nano.a(libc_a-freer.o)
                0x08000cec                _free_r
 .text.sbrk_aligned
                0x08000d80       0x44 /home/hollowknight/st/stm32cubeide_1.16.1/plugins/com.st.stm32cube.ide.mcu.externaltools.gnu-tools-for-stm32.12.3.rel1.linux64_1.0.200.202406132123/tools/bin/../lib/gcc/arm-none-eabi/12.3.1/../../../../arm-none-eabi/lib/thumb/v7e-m+fp/hard/libc_nano.a(libc_a-mallocr.o)
 .text._malloc_r
                0x08000dc4      0x100 /home/hollowknight/st/stm32cubeide_1.16.1/plugins/com.st.stm32cube.ide.mcu.externaltools.gnu-tools-for-stm32.12.3.rel1.linux64_1.0.200.202406132123/tools/bin/../lib/gcc/arm-none-eabi/12.3.1/../../../../arm-none-eabi/lib/thumb/v7e-m+fp/hard/libc_nano.a(libc_a-mallocr.o)
                0x08000dc4                _malloc_r
 .text.__malloc_lock
                0x08000ec4        0xc /home/hollowknight/st/stm32cubeide_1.16.1/plugins/com.st.stm32cube.ide.mcu.externaltools.gnu-tools-for-stm32.12.3.rel1.linux64_1.0.200.202406132123/tools/bin/../lib/gcc/arm-none-eabi/12.3.1/../../../../arm-none-eabi/lib/thumb/v7e-m+fp/hard/libc_nano.a(libc_a-mlock.o)
                0x08000ec4                __malloc_lock
 .text.__malloc_unlock
                0x08000ed0        0xc /home/hollowknight/st/stm32cubeide_1.16.1/plugins/com.st.stm32cube.ide.mcu.externaltools.gnu-tools-for-stm32.12.3.rel1.linux64_1.0.200.202406132123/tools/bin/../lib/gcc/arm-none-eabi/12.3.1/../../../../arm-none-eabi/lib/thumb/v7e-m+fp/hard/libc_nano.a(libc_a-mlock.o)
                0x08000ed0                __malloc_unlock
 .text.__sfputc_r
                0x08000edc       0x2e /home/hollowknight/st/stm32cubeide_1.16.1/plugins/com.st.stm32cube.ide.mcu.externaltools.gnu-tools-for-stm32.12.3.rel1.linux64_1.0.200.202406132123/tools/bin/../lib/gcc/arm-none-eabi/12.3.1/../../../../arm-none-eabi/lib/thumb/v7e-m+fp/hard/libc_nano.a(libc_a-nano-vfprintf.o)
 .text.__sfputs_r
                0x08000f0a       0x24 /home/hollowknight/st/stm32cubeide_1.16.1/plugins/com.st.stm32cube.ide.mcu.externaltools.gnu-tools-for-stm32.12.3.rel1.linux64_1.0.200.202406132123/tools/bin/../lib/gcc/arm-none-eabi/12.3.1/../../../../arm-none-eabi/lib/thumb/v7e-m+fp/hard/libc_nano.a(libc_a-nano-vfprintf.o)
                0x08000f0a                __sfputs_r
 *fill*         0x08000f2e        0x2 
 .text._vfprintf_r
                0x08000f30      0x230 /home/hollowknight/st/stm32cubeide_1.16.1/plugins/com.st.stm32cube.ide.mcu.externaltools.gnu-tools-for-stm32.12.3.rel1.linux64_1.0.200.202406132123/tools/bin/../lib/gcc/arm-none-eabi/12.3.1/../../../../arm-none-eabi/lib/thumb/v7e-m+fp/hard/libc_nano.a(libc_a-nano-vfprintf.o)
                0x08000f30                _vfiprintf_r
                0x08000f30                _vfprintf_r
 .text._printf_common
                0x08001160       0xda /home/hollowknight/st/stm32cubeide_1.16.1/plugins/com.st.stm32cube.ide.mcu.externaltools.gnu-tools-for-stm32.12.3.rel1.linux64_1.0.200.202406132123/tools/bin/../lib/gcc/arm-none-eabi/12.3.1/../../../../arm-none-eabi/lib/thumb/v7e-m+fp/hard/libc_nano.a(libc_a-nano-vfprintf_i.o)
                0x08001160                _printf_common
 *fill*         0x0800123a        0x2 
 .text._printf_i
                0x0800123c      0x240 /home/hollowknight/st/stm32cubeide_1.16.1/plugins/com.st.stm32cube.ide.mcu.externaltools.gnu-tools-for-stm32.12.3.rel1.linux64_1.0.200.202406132123/tools/bin/../lib/gcc/arm-none-eabi/12.3.1/../../../../arm-none-eabi/lib/thumb/v7e-m+fp/hard/libc_nano.a(libc_a-nano-vfprintf_i.o)
                0x0800123c                _printf_i
 .text.__sflush_r
                0x0800147c      0x108 /home/hollowknight/st/stm32cubeide_1.16.1/plugins/com.st.stm32cube.ide.mcu.externaltools.gnu-tools-for-stm32.12.3.rel1.linux64_1.0.200.202406132123/tools/bin/../lib/gcc/arm-none-eabi/12.3.1/../../../../arm-none-eabi/lib/thumb/v7e-m+fp/hard/libc_nano.a(libc_a-fflush.o)
                0x0800147c                __sflush_r
 .text._fflush_r
                0x08001584       0x50 /home/hollowknight/st/stm32cubeide_1.16.1/plugins/com.st.stm32cube.ide.mcu.externaltools.gnu-tools-for-stm32.12.3.rel1.linux64_1.0.200.202406132123/tools/bin/../lib/gcc/arm-none-eabi/12.3.1/../../../../arm-none-eabi/lib/thumb/v7e-m+fp/hard/libc_nano.a(libc_a-fflush.o)
                0x08001584                _fflush_r
 .text.__swbuf_r
                0x080015d4       0x7c /home/hollowknight/st/stm32cubeide_1.16.1/plugins/com.st.stm32cube.ide.mcu.externaltools.gnu-tools-for-stm32.12.3.rel1.linux64_1.0.200.202406132123/tools/bin/../lib/gcc/arm-none-eabi/12.3.1/../../../../arm-none-eabi/lib/thumb/v7e-m+fp/hard/libc_nano.a(libc_a-wbuf.o)
                0x080015d4                __swbuf_r
 .text.__swsetup_r
                0x08001650       0xac /home/hollowknight/st/stm32cubeide_1.16.1/plugins/com.st.stm32cube.ide.mcu.externaltools.gnu-tools-for-stm32.12.3.rel1.linux64_1.0.200.202406132123/tools/bin/../lib/gcc/arm-none-eabi/12.3.1/../../../../arm-none-eabi/lib/thumb/v7e-m+fp/hard/libc_nano.a(libc_a-wsetup.o)
                0x08001650                __swsetup_r
 .text._sbrk_r  0x080016fc       0x20 /home/hollowknight/st/stm32cubeide_1.16.1/plugins/com.st.stm32cube.ide.mcu.externaltools.gnu-tools-for-stm32.12.3.rel1.linux64_1.0.200.202406132123/tools/bin/../lib/gcc/arm-none-eabi/12.3.1/../../../../arm-none-eabi/lib/thumb/v7e-m+fp/hard/libc_nano.a(libc_a-sbrkr.o)
                0x080016fc                _sbrk_r
 .text.__swhatbuf_r
                0x0800171c       0x4c /home/hollowknight/st/stm32cubeide_1.16.1/plugins/com.st.stm32cube.ide.mcu.externaltools.gnu-tools-for-stm32.12.3.rel1.linux64_1.0.200.202406132123/tools/bin/../lib/gcc/arm-none-eabi/12.3.1/../../../../arm-none-eabi/lib/thumb/v7e-m+fp/hard/libc_nano.a(libc_a-makebuf.o)
                0x0800171c                __swhatbuf_r
 .text.__smakebuf_r
                0x08001768       0x78 /home/hollowknight/st/stm32cubeide_1.16.1/plugins/com.st.stm32cube.ide.mcu.externaltools.gnu-tools-for-stm32.12.3.rel1.linux64_1.0.200.202406132123/tools/bin/../lib/gcc/arm-none-eabi/12.3.1/../../../../arm-none-eabi/lib/thumb/v7e-m+fp/hard/libc_nano.a(libc_a-makebuf.o)
                0x08001768                __smakebuf_r
 .text._fstat_r
                0x080017e0       0x24 /home/hollowknight/st/stm32cubeide_1.16.1/plugins/com.st.stm32cube.ide.mcu.externaltools.gnu-tools-for-stm32.12.3.rel1.linux64_1.0.200.202406132123/tools/bin/../lib/gcc/arm-none-eabi/12.3.1/../../../../arm-none-eabi/lib/thumb/v7e-m+fp/hard/libc_nano.a(libc_a-fstatr.o)
                0x080017e0                _fstat_r
 .text._isatty_r
                0x08001804       0x20 /home/hollowknight/st/stm32cubeide_1.16.1/plugins/com.st.stm32cube.ide.mcu.externaltools.gnu-tools-for-stm32.12.3.rel1.linux64_1.0.200.202406132123/tools/bin/../lib/gcc/arm-none-eabi/12.3.1/../../../../arm-none-eabi/lib/thumb/v7e-m+fp/hard/libc_nano.a(libc_a-isattyr.o)
                0x08001804                _isatty_r
 *(.glue_7)
 .glue_7        0x08001824        0x0 linker stubs
 *(.glue_7t)
 .glue_7t       0x08001824        0x0 linker stubs
 *(.eh_frame)
 .eh_frame      0x08001824        0x0 /home/hollowknight/st/stm32cubeide_1.16.1/plugins/com.st.stm32cube.ide.mcu.externaltools.gnu-tools-for-stm32.12.3.rel1.linux64_1.0.200.202406132123/tools/bin/../lib/gcc/arm-none-eabi/12.3.1/thumb/v7e-m+fp/hard/crtbegin.o
 *(.init)
 .init          0x08001824        0x4 /home/hollowknight/st/stm32cubeide_1.16.1/plugins/com.st.stm32cube.ide.mcu.externaltools.gnu-tools-for-stm32.12.3.rel1.linux64_1.0.200.202406132123/tools/bin/../lib/gcc/arm-none-eabi/12.3.1/thumb/v7e-m+fp/hard/crti.o
                0x08001824                _init
 .init          0x08001828        0x8 /home/hollowknight/st/stm32cubeide_1.16.1/plugins/com.st.stm32cube.ide.mcu.externaltools.gnu-tools-for-stm32.12.3.rel1.linux64_1.0.200.202406132123/tools/bin/../lib/gcc/arm-none-eabi/12.3.1/thumb/v7e-m+fp/hard/crtn.o
 *(.fini)
 .fini          0x08001830        0x4 /home/hollowknight/st/stm32cubeide_1.16.1/plugins/com.st.stm32cube.ide.mcu.externaltools.gnu-tools-for-stm32.12.3.rel1.linux64_1.0.200.202406132123/tools/bin/../lib/gcc/arm-none-eabi/12.3.1/thumb/v7e-m+fp/hard/crti.o
                0x08001830                _fini
 .fini          0x08001834        0x8 /home/hollowknight/st/stm32cubeide_1.16.1/plugins/com.st.stm32cube.ide.mcu.externaltools.gnu-tools-for-stm32.12.3.rel1.linux64_1.0.200.202406132123/tools/bin/../lib/gcc/arm-none-eabi/12.3.1/thumb/v7e-m+fp/hard/crtn.o
                0x0800183c                        . = ALIGN (0x4)
                0x0800183c                        _etext = .

.vfp11_veneer   0x0800183c        0x0
 .vfp11_veneer  0x0800183c        0x0 linker stubs

.v4_bx          0x0800183c        0x0
 .v4_bx         0x0800183c        0x0 linker stubs

.iplt           0x0800183c        0x0
 .iplt          0x0800183c        0x0 /home/hollowknight/st/stm32cubeide_1.16.1/plugins/com.st.stm32cube.ide.mcu.externaltools.gnu-tools-for-stm32.12.3.rel1.linux64_1.0.200.202406132123/tools/bin/../lib/gcc/arm-none-eabi/12.3.1/thumb/v7e-m+fp/hard/crtbegin.o

.rodata         0x0800183c       0x50
                0x0800183c                        . = ALIGN (0x4)
 *(.rodata)
 .rodata        0x0800183c       0x1d ./Src/main.o
 *(.rodata*)
 .rodata._vfprintf_r.str1.1
                0x08001859       0x11 /home/hollowknight/st/stm32cubeide_1.16.1/plugins/com.st.stm32cube.ide.mcu.externaltools.gnu-tools-for-stm32.12.3.rel1.linux64_1.0.200.202406132123/tools/bin/../lib/gcc/arm-none-eabi/12.3.1/../../../../arm-none-eabi/lib/thumb/v7e-m+fp/hard/libc_nano.a(libc_a-nano-vfprintf.o)
 .rodata._printf_i.str1.1
                0x0800186a       0x22 /home/hollowknight/st/stm32cubeide_1.16.1/plugins/com.st.stm32cube.ide.mcu.externaltools.gnu-tools-for-stm32.12.3.rel1.linux64_1.0.200.202406132123/tools/bin/../lib/gcc/arm-none-eabi/12.3.1/../../../../arm-none-eabi/lib/thumb/v7e-m+fp/hard/libc_nano.a(libc_a-nano-vfprintf_i.o)
                0x0800188c                        . = ALIGN (0x4)

.ARM.extab      0x0800188c        0x0
                0x0800188c                        . = ALIGN (0x4)
 *(.ARM.extab* .gnu.linkonce.armextab.*)
                0x0800188c                        . = ALIGN (0x4)

.ARM            0x0800188c        0x8
                0x0800188c                        . = ALIGN (0x4)
                0x0800188c                        __exidx_start = .
 *(.ARM.exidx*)
 .ARM.exidx     0x0800188c        0x8 /home/hollowknight/st/stm32cubeide_1.16.1/plugins/com.st.stm32cube.ide.mcu.externaltools.gnu-tools-for-stm32.12.3.rel1.linux64_1.0.200.202406132123/tools/bin/../lib/gcc/arm-none-eabi/12.3.1/../../../../arm-none-eabi/lib/thumb/v7e-m+fp/hard/libc_nano.a(libc_a-memchr.o)
                0x08001894                        __exidx_end = .
                0x08001894                        . = ALIGN (0x4)

.preinit_array  0x08001894        0x0
                0x08001894                        . = ALIGN (0x4)
                0x08001894                        PROVIDE (__preinit_array_start = .)
 *(.preinit_array*)
                0x08001894                        PROVIDE (__preinit_array_end = .)
                0x08001894                        . = ALIGN (0x4)

.init_array     0x08001894        0x4
                0x08001894                        . = ALIGN (0x4)
                0x08001894                        PROVIDE (__init_array_start = .)
 *(SORT_BY_NAME(.init_array.*))
 *(.init_array*)
 .init_array    0x08001894        0x4 /home/hollowknight/st/stm32cubeide_1.16.1/plugins/com.st.stm32cube.ide.mcu.externaltools.gnu-tools-for-stm32.12.3.rel1.linux64_1.0.200.202406132123/tools/bin/../lib/gcc/arm-none-eabi/12.3.1/thumb/v7e-m+fp/hard/crtbegin.o
                0x08001898                        PROVIDE (__init_array_end = .)
                0x08001898                        . = ALIGN (0x4)

.fini_array     0x08001898        0x4
                0x08001898                        . = ALIGN (0x4)
                [!provide]                        PROVIDE (__fini_array_start = .)
 *(SORT_BY_NAME(.fini_array.*))
 *(.fini_array*)
 .fini_array    0x08001898        0x4 /home/hollowknight/st/stm32cubeide_1.16.1/plugins/com.st.stm32cube.ide.mcu.externaltools.gnu-tools-for-stm32.12.3.rel1.linux64_1.0.200.202406132123/tools/bin/../lib/gcc/arm-none-eabi/12.3.1/thumb/v7e-m+fp/hard/crtbegin.o
                [!provide]                        PROVIDE (__fini_array_end = .)
                0x0800189c                        . = ALIGN (0x4)
                0x0800189c                        _sidata = LOADADDR (.data)

.rel.dyn        0x0800189c        0x0
 .rel.iplt      0x0800189c        0x0 /home/hollowknight/st/stm32cubeide_1.16.1/plugins/com.st.stm32cube.ide.mcu.externaltools.gnu-tools-for-stm32.12.3.rel1.linux64_1.0.200.202406132123/tools/bin/../lib/gcc/arm-none-eabi/12.3.1/thumb/v7e-m+fp/hard/crtbegin.o

.data           0x20000000       0x5c load address 0x0800189c
                0x20000000                        . = ALIGN (0x4)
                0x20000000                        _sdata = .
 *(.data)
 *(.data*)
 .data.__sglue  0x20000000        0xc /home/hollowknight/st/stm32cubeide_1.16.1/plugins/com.st.stm32cube.ide.mcu.externaltools.gnu-tools-for-stm32.12.3.rel1.linux64_1.0.200.202406132123/tools/bin/../lib/gcc/arm-none-eabi/12.3.1/../../../../arm-none-eabi/lib/thumb/v7e-m+fp/hard/libc_nano.a(libc_a-findfp.o)
                0x20000000                __sglue
 .data._impure_ptr
                0x2000000c        0x4 /home/hollowknight/st/stm32cubeide_1.16.1/plugins/com.st.stm32cube.ide.mcu.externaltools.gnu-tools-for-stm32.12.3.rel1.linux64_1.0.200.202406132123/tools/bin/../lib/gcc/arm-none-eabi/12.3.1/../../../../arm-none-eabi/lib/thumb/v7e-m+fp/hard/libc_nano.a(libc_a-impure.o)
                0x2000000c                _impure_ptr
 .data._impure_data
                0x20000010       0x4c /home/hollowknight/st/stm32cubeide_1.16.1/plugins/com.st.stm32cube.ide.mcu.externaltools.gnu-tools-for-stm32.12.3.rel1.linux64_1.0.200.202406132123/tools/bin/../lib/gcc/arm-none-eabi/12.3.1/../../../../arm-none-eabi/lib/thumb/v7e-m+fp/hard/libc_nano.a(libc_a-impure.o)
                0x20000010                _impure_data
 *(.RamFunc)
 *(.RamFunc*)
                0x2000005c                        . = ALIGN (0x4)
                0x2000005c                        _edata = .

.igot.plt       0x2000005c        0x0 load address 0x080018f8
 .igot.plt      0x2000005c        0x0 /home/hollowknight/st/stm32cubeide_1.16.1/plugins/com.st.stm32cube.ide.mcu.externaltools.gnu-tools-for-stm32.12.3.rel1.linux64_1.0.200.202406132123/tools/bin/../lib/gcc/arm-none-eabi/12.3.1/thumb/v7e-m+fp/hard/crtbegin.o
                0x2000005c                        . = ALIGN (0x4)

.bss            0x2000005c     0x1458 load address 0x080018f8
                0x2000005c                        _sbss = .
                0x2000005c                        __bss_start__ = _sbss
 *(.bss)
 .bss           0x2000005c       0x1c /home/hollowknight/st/stm32cubeide_1.16.1/plugins/com.st.stm32cube.ide.mcu.externaltools.gnu-tools-for-stm32.12.3.rel1.linux64_1.0.200.202406132123/tools/bin/../lib/gcc/arm-none-eabi/12.3.1/thumb/v7e-m+fp/hard/crtbegin.o
 *(.bss*)
 .bss.MILLIS_PRESCALER
                0x20000078        0x4 ./Src/kernel.o
                0x20000078                MILLIS_PRESCALER
 .bss.tcbs      0x2000007c       0x18 ./Src/kernel.o
                0x2000007c                tcbs
 .bss.currentPt
                0x20000094        0x4 ./Src/kernel.o
                0x20000094                currentPt
 .bss.TCB_STACK
                0x20000098     0x12c0 ./Src/kernel.o
                0x20000098                TCB_STACK
 .bss.Task0_Profiler
                0x20001358        0x4 ./Src/main.o
                0x20001358                Task0_Profiler
 .bss.Task1_Profiler
                0x2000135c        0x4 ./Src/main.o
                0x2000135c                Task1_Profiler
 .bss.Task2_Profiler
                0x20001360        0x4 ./Src/main.o
                0x20001360                Task2_Profiler
 .bss.__sbrk_heap_end
                0x20001364        0x4 ./Src/sysmem.o
 .bss.__sf      0x20001368      0x138 /home/hollowknight/st/stm32cubeide_1.16.1/plugins/com.st.stm32cube.ide.mcu.externaltools.gnu-tools-for-stm32.12.3.rel1.linux64_1.0.200.202406132123/tools/bin/../lib/gcc/arm-none-eabi/12.3.1/../../../../arm-none-eabi/lib/thumb/v7e-m+fp/hard/libc_nano.a(libc_a-findfp.o)
                0x20001368                __sf
 .bss.__stdio_exit_handler
                0x200014a0        0x4 /home/hollowknight/st/stm32cubeide_1.16.1/plugins/com.st.stm32cube.ide.mcu.externaltools.gnu-tools-for-stm32.12.3.rel1.linux64_1.0.200.202406132123/tools/bin/../lib/gcc/arm-none-eabi/12.3.1/../../../../arm-none-eabi/lib/thumb/v7e-m+fp/hard/libc_nano.a(libc_a-findfp.o)
                0x200014a0                __stdio_exit_handler
 .bss.errno     0x200014a4        0x4 /home/hollowknight/st/stm32cubeide_1.16.1/plugins/com.st.stm32cube.ide.mcu.externaltools.gnu-tools-for-stm32.12.3.rel1.linux64_1.0.200.202406132123/tools/bin/../lib/gcc/arm-none-eabi/12.3.1/../../../../arm-none-eabi/lib/thumb/v7e-m+fp/hard/libc_nano.a(libc_a-reent.o)
                0x200014a4                errno
 .bss.__lock___malloc_recursive_mutex
                0x200014a8        0x1 /home/hollowknight/st/stm32cubeide_1.16.1/plugins/com.st.stm32cube.ide.mcu.externaltools.gnu-tools-for-stm32.12.3.rel1.linux64_1.0.200.202406132123/tools/bin/../lib/gcc/arm-none-eabi/12.3.1/../../../../arm-none-eabi/lib/thumb/v7e-m+fp/hard/libc_nano.a(libc_a-lock.o)
                0x200014a8                __lock___malloc_recursive_mutex
 .bss.__lock___sfp_recursive_mutex
                0x200014a9        0x1 /home/hollowknight/st/stm32cubeide_1.16.1/plugins/com.st.stm32cube.ide.mcu.externaltools.gnu-tools-for-stm32.12.3.rel1.linux64_1.0.200.202406132123/tools/bin/../lib/gcc/arm-none-eabi/12.3.1/../../../../arm-none-eabi/lib/thumb/v7e-m+fp/hard/libc_nano.a(libc_a-lock.o)
                0x200014a9                __lock___sfp_recursive_mutex
 *fill*         0x200014aa        0x2 
 .bss.__malloc_sbrk_start
                0x200014ac        0x4 /home/hollowknight/st/stm32cubeide_1.16.1/plugins/com.st.stm32cube.ide.mcu.externaltools.gnu-tools-for-stm32.12.3.rel1.linux64_1.0.200.202406132123/tools/bin/../lib/gcc/arm-none-eabi/12.3.1/../../../../arm-none-eabi/lib/thumb/v7e-m+fp/hard/libc_nano.a(libc_a-mallocr.o)
                0x200014ac                __malloc_sbrk_start
 .bss.__malloc_free_list
                0x200014b0        0x4 /home/hollowknight/st/stm32cubeide_1.16.1/plugins/com.st.stm32cube.ide.mcu.externaltools.gnu-tools-for-stm32.12.3.rel1.linux64_1.0.200.202406132123/tools/bin/../lib/gcc/arm-none-eabi/12.3.1/../../../../arm-none-eabi/lib/thumb/v7e-m+fp/hard/libc_nano.a(libc_a-mallocr.o)
                0x200014b0                __malloc_free_list
 *(COMMON)
                0x200014b4                        . = ALIGN (0x4)
                0x200014b4                        _ebss = .
                0x200014b4                        __bss_end__ = _ebss

._user_heap_stack
                0x200014b4      0x604 load address 0x080018f8
                0x200014b8                        . = ALIGN (0x8)
 *fill*         0x200014b4        0x4 
                [!provide]                        PROVIDE (end = .)
                0x200014b8                        PROVIDE (_end = .)
                0x200016b8                        . = (. + _Min_Heap_Size)
 *fill*         0x200014b8      0x200 
                0x20001ab8                        . = (. + _Min_Stack_Size)
 *fill*         0x200016b8      0x400 
                0x20001ab8                        . = ALIGN (0x8)

/DISCARD/
 libc.a(*)
 libm.a(*)
 libgcc.a(*)

.ARM.attributes
                0x00000000       0x30
 *(.ARM.attributes)
 .ARM.attributes
                0x00000000       0x22 /home/hollowknight/st/stm32cubeide_1.16.1/plugins/com.st.stm32cube.ide.mcu.externaltools.gnu-tools-for-stm32.12.3.rel1.linux64_1.0.200.202406132123/tools/bin/../lib/gcc/arm-none-eabi/12.3.1/thumb/v7e-m+fp/hard/crti.o
 .ARM.attributes
                0x00000022       0x34 /home/hollowknight/st/stm32cubeide_1.16.1/plugins/com.st.stm32cube.ide.mcu.externaltools.gnu-tools-for-stm32.12.3.rel1.linux64_1.0.200.202406132123/tools/bin/../lib/gcc/arm-none-eabi/12.3.1/thumb/v7e-m+fp/hard/crtbegin.o
 .ARM.attributes
                0x00000056       0x34 ./Src/kernel.o
 .ARM.attributes
                0x0000008a       0x34 ./Src/led.o
 .ARM.attributes
                0x000000be       0x34 ./Src/main.o
 .ARM.attributes
                0x000000f2       0x34 ./Src/syscalls.o
 .ARM.attributes
                0x00000126       0x34 ./Src/sysmem.o
 .ARM.attributes
                0x0000015a       0x34 ./Src/timebase.o
 .ARM.attributes
                0x0000018e       0x34 ./Src/uart.o
 .ARM.attributes
                0x000001c2       0x21 ./Startup/startup_stm32f446retx.o
 .ARM.attributes
                0x000001e3       0x34 /home/hollowknight/st/stm32cubeide_1.16.1/plugins/com.st.stm32cube.ide.mcu.externaltools.gnu-tools-for-stm32.12.3.rel1.linux64_1.0.200.202406132123/tools/bin/../lib/gcc/arm-none-eabi/12.3.1/../../../../arm-none-eabi/lib/thumb/v7e-m+fp/hard/libc_nano.a(libc_a-findfp.o)
 .ARM.attributes
                0x00000217       0x34 /home/hollowknight/st/stm32cubeide_1.16.1/plugins/com.st.stm32cube.ide.mcu.externaltools.gnu-tools-for-stm32.12.3.rel1.linux64_1.0.200.202406132123/tools/bin/../lib/gcc/arm-none-eabi/12.3.1/../../../../arm-none-eabi/lib/thumb/v7e-m+fp/hard/libc_nano.a(libc_a-fwalk.o)
 .ARM.attributes
                0x0000024b       0x34 /home/hollowknight/st/stm32cubeide_1.16.1/plugins/com.st.stm32cube.ide.mcu.externaltools.gnu-tools-for-stm32.12.3.rel1.linux64_1.0.200.202406132123/tools/bin/../lib/gcc/arm-none-eabi/12.3.1/../../../../arm-none-eabi/lib/thumb/v7e-m+fp/hard/libc_nano.a(libc_a-printf.o)
 .ARM.attributes
                0x0000027f       0x34 /home/hollowknight/st/stm32cubeide_1.16.1/plugins/com.st.stm32cube.ide.mcu.externaltools.gnu-tools-for-stm32.12.3.rel1.linux64_1.0.200.202406132123/tools/bin/../lib/gcc/arm-none-eabi/12.3.1/../../../../arm-none-eabi/lib/thumb/v7e-m+fp/hard/libc_nano.a(libc_a-stdio.o)
 .ARM.attributes
                0x000002b3       0x34 /home/hollowknight/st/stm32cubeide_1.16.1/plugins/com.st.stm32cube.ide.mcu.externaltools.gnu-tools-for-stm32.12.3.rel1.linux64_1.0.200.202406132123/tools/bin/../lib/gcc/arm-none-eabi/12.3.1/../../../../arm-none-eabi/lib/thumb/v7e-m+fp/hard/libc_nano.a(libc_a-memset.o)
 .ARM.attributes
                0x000002e7       0x34 /home/hollowknight/st/stm32cubeide_1.16.1/plugins/com.st.stm32cube.ide.mcu.externaltools.gnu-tools-for-stm32.12.3.rel1.linux64_1.0.200.202406132123/tools/bin/../lib/gcc/arm-none-eabi/12.3.1/../../../../arm-none-eabi/lib/thumb/v7e-m+fp/hard/libc_nano.a(libc_a-closer.o)
 .ARM.attributes
                0x0000031b       0x34 /home/hollowknight/st/stm32cubeide_1.16.1/plugins/com.st.stm32cube.ide.mcu.externaltools.gnu-tools-for-stm32.12.3.rel1.linux64_1.0.200.202406132123/tools/bin/../lib/gcc/arm-none-eabi/12.3.1/../../../../arm-none-eabi/lib/thumb/v7e-m+fp/hard/libc_nano.a(libc_a-reent.o)
 .ARM.attributes
                0x0000034f       0x34 /home/hollowknight/st/stm32cubeide_1.16.1/plugins/com.st.stm32cube.ide.mcu.externaltools.gnu-tools-for-stm32.12.3.rel1.linux64_1.0.200.202406132123/tools/bin/../lib/gcc/arm-none-eabi/12.3.1/../../../../arm-none-eabi/lib/thumb/v7e-m+fp/hard/libc_nano.a(libc_a-impure.o)
 .ARM.attributes
                0x00000383       0x34 /home/hollowknight/st/stm32cubeide_1.16.1/plugins/com.st.stm32cube.ide.mcu.externaltools.gnu-tools-for-stm32.12.3.rel1.linux64_1.0.200.202406132123/tools/bin/../lib/gcc/arm-none-eabi/12.3.1/../../../../arm-none-eabi/lib/thumb/v7e-m+fp/hard/libc_nano.a(libc_a-lseekr.o)
 .ARM.attributes
                0x000003b7       0x34 /home/hollowknight/st/stm32cubeide_1.16.1/plugins/com.st.stm32cube.ide.mcu.externaltools.gnu-tools-for-stm32.12.3.rel1.linux64_1.0.200.202406132123/tools/bin/../lib/gcc/arm-none-eabi/12.3.1/../../../../arm-none-eabi/lib/thumb/v7e-m+fp/hard/libc_nano.a(libc_a-readr.o)
 .ARM.attributes
                0x000003eb       0x34 /home/hollowknight/st/stm32cubeide_1.16.1/plugins/com.st.stm32cube.ide.mcu.externaltools.gnu-tools-for-stm32.12.3.rel1.linux64_1.0.200.202406132123/tools/bin/../lib/gcc/arm-none-eabi/12.3.1/../../../../arm-none-eabi/lib/thumb/v7e-m+fp/hard/libc_nano.a(libc_a-writer.o)
 .ARM.attributes
                0x0000041f       0x34 /home/hollowknight/st/stm32cubeide_1.16.1/plugins/com.st.stm32cube.ide.mcu.externaltools.gnu-tools-for-stm32.12.3.rel1.linux64_1.0.200.202406132123/tools/bin/../lib/gcc/arm-none-eabi/12.3.1/../../../../arm-none-eabi/lib/thumb/v7e-m+fp/hard/libc_nano.a(libc_a-errno.o)
 .ARM.attributes
                0x00000453       0x34 /home/hollowknight/st/stm32cubeide_1.16.1/plugins/com.st.stm32cube.ide.mcu.externaltools.gnu-tools-for-stm32.12.3.rel1.linux64_1.0.200.202406132123/tools/bin/../lib/gcc/arm-none-eabi/12.3.1/../../../../arm-none-eabi/lib/thumb/v7e-m+fp/hard/libc_nano.a(libc_a-init.o)
 .ARM.attributes
                0x00000487       0x34 /home/hollowknight/st/stm32cubeide_1.16.1/plugins/com.st.stm32cube.ide.mcu.externaltools.gnu-tools-for-stm32.12.3.rel1.linux64_1.0.200.202406132123/tools/bin/../lib/gcc/arm-none-eabi/12.3.1/../../../../arm-none-eabi/lib/thumb/v7e-m+fp/hard/libc_nano.a(libc_a-lock.o)
 .ARM.attributes
                0x000004bb       0x34 /home/hollowknight/st/stm32cubeide_1.16.1/plugins/com.st.stm32cube.ide.mcu.externaltools.gnu-tools-for-stm32.12.3.rel1.linux64_1.0.200.202406132123/tools/bin/../lib/gcc/arm-none-eabi/12.3.1/../../../../arm-none-eabi/lib/thumb/v7e-m+fp/hard/libc_nano.a(libc_a-freer.o)
 .ARM.attributes
                0x000004ef       0x34 /home/hollowknight/st/stm32cubeide_1.16.1/plugins/com.st.stm32cube.ide.mcu.externaltools.gnu-tools-for-stm32.12.3.rel1.linux64_1.0.200.202406132123/tools/bin/../lib/gcc/arm-none-eabi/12.3.1/../../../../arm-none-eabi/lib/thumb/v7e-m+fp/hard/libc_nano.a(libc_a-mallocr.o)
 .ARM.attributes
                0x00000523       0x34 /home/hollowknight/st/stm32cubeide_1.16.1/plugins/com.st.stm32cube.ide.mcu.externaltools.gnu-tools-for-stm32.12.3.rel1.linux64_1.0.200.202406132123/tools/bin/../lib/gcc/arm-none-eabi/12.3.1/../../../../arm-none-eabi/lib/thumb/v7e-m+fp/hard/libc_nano.a(libc_a-mlock.o)
 .ARM.attributes
                0x00000557       0x34 /home/hollowknight/st/stm32cubeide_1.16.1/plugins/com.st.stm32cube.ide.mcu.externaltools.gnu-tools-for-stm32.12.3.rel1.linux64_1.0.200.202406132123/tools/bin/../lib/gcc/arm-none-eabi/12.3.1/../../../../arm-none-eabi/lib/thumb/v7e-m+fp/hard/libc_nano.a(libc_a-nano-vfprintf.o)
 .ARM.attributes
                0x0000058b       0x34 /home/hollowknight/st/stm32cubeide_1.16.1/plugins/com.st.stm32cube.ide.mcu.externaltools.gnu-tools-for-stm32.12.3.rel1.linux64_1.0.200.202406132123/tools/bin/../lib/gcc/arm-none-eabi/12.3.1/../../../../arm-none-eabi/lib/thumb/v7e-m+fp/hard/libc_nano.a(libc_a-nano-vfprintf_i.o)
 .ARM.attributes
                0x000005bf       0x34 /home/hollowknight/st/stm32cubeide_1.16.1/plugins/com.st.stm32cube.ide.mcu.externaltools.gnu-tools-for-stm32.12.3.rel1.linux64_1.0.200.202406132123/tools/bin/../lib/gcc/arm-none-eabi/12.3.1/../../../../arm-none-eabi/lib/thumb/v7e-m+fp/hard/libc_nano.a(libc_a-fflush.o)
 .ARM.attributes
                0x000005f3       0x34 /home/hollowknight/st/stm32cubeide_1.16.1/plugins/com.st.stm32cube.ide.mcu.externaltools.gnu-tools-for-stm32.12.3.rel1.linux64_1.0.200.202406132123/tools/bin/../lib/gcc/arm-none-eabi/12.3.1/../../../../arm-none-eabi/lib/thumb/v7e-m+fp/hard/libc_nano.a(libc_a-wbuf.o)
 .ARM.attributes
                0x00000627       0x34 /home/hollowknight/st/stm32cubeide_1.16.1/plugins/com.st.stm32cube.ide.mcu.externaltools.gnu-tools-for-stm32.12.3.rel1.linux64_1.0.200.202406132123/tools/bin/../lib/gcc/arm-none-eabi/12.3.1/../../../../arm-none-eabi/lib/thumb/v7e-m+fp/hard/libc_nano.a(libc_a-wsetup.o)
 .ARM.attributes
                0x0000065b       0x34 /home/hollowknight/st/stm32cubeide_1.16.1/plugins/com.st.stm32cube.ide.mcu.externaltools.gnu-tools-for-stm32.12.3.rel1.linux64_1.0.200.202406132123/tools/bin/../lib/gcc/arm-none-eabi/12.3.1/../../../../arm-none-eabi/lib/thumb/v7e-m+fp/hard/libc_nano.a(libc_a-sbrkr.o)
 .ARM.attributes
                0x0000068f       0x1c /home/hollowknight/st/stm32cubeide_1.16.1/plugins/com.st.stm32cube.ide.mcu.externaltools.gnu-tools-for-stm32.12.3.rel1.linux64_1.0.200.202406132123/tools/bin/../lib/gcc/arm-none-eabi/12.3.1/../../../../arm-none-eabi/lib/thumb/v7e-m+fp/hard/libc_nano.a(libc_a-memchr.o)
 .ARM.attributes
                0x000006ab       0x34 /home/hollowknight/st/stm32cubeide_1.16.1/plugins/com.st.stm32cube.ide.mcu.externaltools.gnu-tools-for-stm32.12.3.rel1.linux64_1.0.200.202406132123/tools/bin/../lib/gcc/arm-none-eabi/12.3.1/../../../../arm-none-eabi/lib/thumb/v7e-m+fp/hard/libc_nano.a(libc_a-makebuf.o)
 .ARM.attributes
                0x000006df       0x34 /home/hollowknight/st/stm32cubeide_1.16.1/plugins/com.st.stm32cube.ide.mcu.externaltools.gnu-tools-for-stm32.12.3.rel1.linux64_1.0.200.202406132123/tools/bin/../lib/gcc/arm-none-eabi/12.3.1/../../../../arm-none-eabi/lib/thumb/v7e-m+fp/hard/libc_nano.a(libc_a-fstatr.o)
 .ARM.attributes
                0x00000713       0x34 /home/hollowknight/st/stm32cubeide_1.16.1/plugins/com.st.stm32cube.ide.mcu.externaltools.gnu-tools-for-stm32.12.3.rel1.linux64_1.0.200.202406132123/tools/bin/../lib/gcc/arm-none-eabi/12.3.1/../../../../arm-none-eabi/lib/thumb/v7e-m+fp/hard/libc_nano.a(libc_a-isattyr.o)
 .ARM.attributes
                0x00000747       0x22 /home/hollowknight/st/stm32cubeide_1.16.1/plugins/com.st.stm32cube.ide.mcu.externaltools.gnu-tools-for-stm32.12.3.rel1.linux64_1.0.200.202406132123/tools/bin/../lib/gcc/arm-none-eabi/12.3.1/thumb/v7e-m+fp/hard/crtn.o
OUTPUT(Round_Robin_Scheduler.elf elf32-littlearm)
LOAD linker stubs
LOAD /home/hollowknight/st/stm32cubeide_1.16.1/plugins/com.st.stm32cube.ide.mcu.externaltools.gnu-tools-for-stm32.12.3.rel1.linux64_1.0.200.202406132123/tools/bin/../lib/gcc/arm-none-eabi/12.3.1/../../../../arm-none-eabi/lib/thumb/v7e-m+fp/hard/libc.a
LOAD /home/hollowknight/st/stm32cubeide_1.16.1/plugins/com.st.stm32cube.ide.mcu.externaltools.gnu-tools-for-stm32.12.3.rel1.linux64_1.0.200.202406132123/tools/bin/../lib/gcc/arm-none-eabi/12.3.1/../../../../arm-none-eabi/lib/thumb/v7e-m+fp/hard/libm.a
LOAD /home/hollowknight/st/stm32cubeide_1.16.1/plugins/com.st.stm32cube.ide.mcu.externaltools.gnu-tools-for-stm32.12.3.rel1.linux64_1.0.200.202406132123/tools/bin/../lib/gcc/arm-none-eabi/12.3.1/thumb/v7e-m+fp/hard/libgcc.a

.debug_info     0x00000000     0x1a92
 .debug_info    0x00000000      0x7c8 ./Src/kernel.o
 .debug_info    0x000007c8      0x30c ./Src/led.o
 .debug_info    0x00000ad4      0x1a6 ./Src/main.o
 .debug_info    0x00000c7a      0x6a3 ./Src/syscalls.o
 .debug_info    0x0000131d      0x168 ./Src/sysmem.o
 .debug_info    0x00001485      0x1c9 ./Src/timebase.o
 .debug_info    0x0000164e      0x414 ./Src/uart.o
 .debug_info    0x00001a62       0x30 ./Startup/startup_stm32f446retx.o

.debug_abbrev   0x00000000      0x900
 .debug_abbrev  0x00000000      0x22f ./Src/kernel.o
 .debug_abbrev  0x0000022f       0xb8 ./Src/led.o
 .debug_abbrev  0x000002e7       0xea ./Src/main.o
 .debug_abbrev  0x000003d1      0x1b6 ./Src/syscalls.o
 .debug_abbrev  0x00000587       0xbc ./Src/sysmem.o
 .debug_abbrev  0x00000643      0x157 ./Src/timebase.o
 .debug_abbrev  0x0000079a      0x142 ./Src/uart.o
 .debug_abbrev  0x000008dc       0x24 ./Startup/startup_stm32f446retx.o

.debug_aranges  0x00000000      0x220
 .debug_aranges
                0x00000000       0x50 ./Src/kernel.o
 .debug_aranges
                0x00000050       0x30 ./Src/led.o
 .debug_aranges
                0x00000080       0x38 ./Src/main.o
 .debug_aranges
                0x000000b8       0xa8 ./Src/syscalls.o
 .debug_aranges
                0x00000160       0x20 ./Src/sysmem.o
 .debug_aranges
                0x00000180       0x38 ./Src/timebase.o
 .debug_aranges
                0x000001b8       0x40 ./Src/uart.o
 .debug_aranges
                0x000001f8       0x28 ./Startup/startup_stm32f446retx.o

.debug_rnglists
                0x00000000      0x172
 .debug_rnglists
                0x00000000       0x38 ./Src/kernel.o
 .debug_rnglists
                0x00000038       0x1f ./Src/led.o
 .debug_rnglists
                0x00000057       0x25 ./Src/main.o
 .debug_rnglists
                0x0000007c       0x79 ./Src/syscalls.o
 .debug_rnglists
                0x000000f5       0x13 ./Src/sysmem.o
 .debug_rnglists
                0x00000108       0x25 ./Src/timebase.o
 .debug_rnglists
                0x0000012d       0x2c ./Src/uart.o
 .debug_rnglists
                0x00000159       0x19 ./Startup/startup_stm32f446retx.o

.debug_macro    0x00000000    0x1ab95
 .debug_macro   0x00000000       0xf9 ./Src/kernel.o
 .debug_macro   0x000000f9      0xaa2 ./Src/kernel.o
 .debug_macro   0x00000b9b       0x28 ./Src/kernel.o
 .debug_macro   0x00000bc3       0x22 ./Src/kernel.o
 .debug_macro   0x00000be5       0x8e ./Src/kernel.o
 .debug_macro   0x00000c73       0x51 ./Src/kernel.o
 .debug_macro   0x00000cc4      0x103 ./Src/kernel.o
 .debug_macro   0x00000dc7       0x6a ./Src/kernel.o
 .debug_macro   0x00000e31      0x1df ./Src/kernel.o
 .debug_macro   0x00001010       0x1c ./Src/kernel.o
 .debug_macro   0x0000102c       0x22 ./Src/kernel.o
 .debug_macro   0x0000104e       0xfb ./Src/kernel.o
 .debug_macro   0x00001149     0x1011 ./Src/kernel.o
 .debug_macro   0x0000215a      0x11f ./Src/kernel.o
 .debug_macro   0x00002279    0x16749 ./Src/kernel.o
 .debug_macro   0x000189c2       0xd5 ./Src/led.o
 .debug_macro   0x00018a97      0x1ca ./Src/main.o
 .debug_macro   0x00018c61       0x61 ./Src/main.o
 .debug_macro   0x00018cc2       0x2a ./Src/main.o
 .debug_macro   0x00018cec       0x43 ./Src/main.o
 .debug_macro   0x00018d2f       0x34 ./Src/main.o
 .debug_macro   0x00018d63       0x16 ./Src/main.o
 .debug_macro   0x00018d79       0x9e ./Src/main.o
 .debug_macro   0x00018e17      0x369 ./Src/main.o
 .debug_macro   0x00019180      0x10b ./Src/main.o
 .debug_macro   0x0001928b       0x10 ./Src/main.o
 .debug_macro   0x0001929b       0x16 ./Src/main.o
 .debug_macro   0x000192b1       0x43 ./Src/main.o
 .debug_macro   0x000192f4       0x34 ./Src/main.o
 .debug_macro   0x00019328       0x10 ./Src/main.o
 .debug_macro   0x00019338       0x58 ./Src/main.o
 .debug_macro   0x00019390       0x8e ./Src/main.o
 .debug_macro   0x0001941e       0x1c ./Src/main.o
 .debug_macro   0x0001943a      0x177 ./Src/main.o
 .debug_macro   0x000195b1       0x16 ./Src/main.o
 .debug_macro   0x000195c7       0x16 ./Src/main.o
 .debug_macro   0x000195dd      0x146 ./Src/main.o
 .debug_macro   0x00019723      0x274 ./Src/syscalls.o
 .debug_macro   0x00019997       0x5b ./Src/syscalls.o
 .debug_macro   0x000199f2       0x94 ./Src/syscalls.o
 .debug_macro   0x00019a86       0x57 ./Src/syscalls.o
 .debug_macro   0x00019add      0x189 ./Src/syscalls.o
 .debug_macro   0x00019c66       0x10 ./Src/syscalls.o
 .debug_macro   0x00019c76       0x35 ./Src/syscalls.o
 .debug_macro   0x00019cab       0x10 ./Src/syscalls.o
 .debug_macro   0x00019cbb       0x10 ./Src/syscalls.o
 .debug_macro   0x00019ccb       0x10 ./Src/syscalls.o
 .debug_macro   0x00019cdb       0x1c ./Src/syscalls.o
 .debug_macro   0x00019cf7       0x52 ./Src/syscalls.o
 .debug_macro   0x00019d49       0x22 ./Src/syscalls.o
 .debug_macro   0x00019d6b       0x10 ./Src/syscalls.o
 .debug_macro   0x00019d7b       0x52 ./Src/syscalls.o
 .debug_macro   0x00019dcd       0xcf ./Src/syscalls.o
 .debug_macro   0x00019e9c       0x1c ./Src/syscalls.o
 .debug_macro   0x00019eb8       0x3d ./Src/syscalls.o
 .debug_macro   0x00019ef5       0x35 ./Src/syscalls.o
 .debug_macro   0x00019f2a      0x12c ./Src/syscalls.o
 .debug_macro   0x0001a056       0x16 ./Src/syscalls.o
 .debug_macro   0x0001a06c       0x16 ./Src/syscalls.o
 .debug_macro   0x0001a082       0x29 ./Src/syscalls.o
 .debug_macro   0x0001a0ab       0x10 ./Src/syscalls.o
 .debug_macro   0x0001a0bb      0x242 ./Src/syscalls.o
 .debug_macro   0x0001a2fd       0x1c ./Src/syscalls.o
 .debug_macro   0x0001a319       0x10 ./Src/syscalls.o
 .debug_macro   0x0001a329      0x18a ./Src/syscalls.o
 .debug_macro   0x0001a4b3       0x16 ./Src/syscalls.o
 .debug_macro   0x0001a4c9       0xce ./Src/syscalls.o
 .debug_macro   0x0001a597       0xff ./Src/sysmem.o
 .debug_macro   0x0001a696      0x23c ./Src/sysmem.o
 .debug_macro   0x0001a8d2       0xed ./Src/timebase.o
 .debug_macro   0x0001a9bf      0x1d6 ./Src/uart.o

.debug_line     0x00000000     0x2c75
 .debug_line    0x00000000      0x639 ./Src/kernel.o
 .debug_line    0x00000639      0x523 ./Src/led.o
 .debug_line    0x00000b5c      0x6b7 ./Src/main.o
 .debug_line    0x00001213      0x828 ./Src/syscalls.o
 .debug_line    0x00001a3b      0x4f9 ./Src/sysmem.o
 .debug_line    0x00001f34      0x5a4 ./Src/timebase.o
 .debug_line    0x000024d8      0x722 ./Src/uart.o
 .debug_line    0x00002bfa       0x7b ./Startup/startup_stm32f446retx.o

.debug_str      0x00000000    0x90d85
 .debug_str     0x00000000    0x8aeed ./Src/kernel.o
                              0x8b0b5 (size before relaxing)
 .debug_str     0x0008aeed      0x15f ./Src/led.o
                              0x8aa92 (size before relaxing)
 .debug_str     0x0008b04c     0x3a75 ./Src/main.o
                              0x8e461 (size before relaxing)
 .debug_str     0x0008eac1     0x20be ./Src/syscalls.o
                               0x9890 (size before relaxing)
 .debug_str     0x00090b7f       0x66 ./Src/sysmem.o
                               0x60a8 (size before relaxing)
 .debug_str     0x00090be5       0x8a ./Src/timebase.o
                              0x8aa15 (size before relaxing)
 .debug_str     0x00090c6f       0xd7 ./Src/uart.o
                              0x8e5cb (size before relaxing)
 .debug_str     0x00090d46       0x3f ./Startup/startup_stm32f446retx.o
                                 0x82 (size before relaxing)

.comment        0x00000000       0x43
 .comment       0x00000000       0x43 ./Src/kernel.o
                                 0x44 (size before relaxing)
 .comment       0x00000043       0x44 ./Src/led.o
 .comment       0x00000043       0x44 ./Src/main.o
 .comment       0x00000043       0x44 ./Src/syscalls.o
 .comment       0x00000043       0x44 ./Src/sysmem.o
 .comment       0x00000043       0x44 ./Src/timebase.o
 .comment       0x00000043       0x44 ./Src/uart.o

.debug_frame    0x00000000      0xdec
 .debug_frame   0x00000000       0xf8 ./Src/kernel.o
 .debug_frame   0x000000f8       0x70 ./Src/led.o
 .debug_frame   0x00000168       0x74 ./Src/main.o
 .debug_frame   0x000001dc      0x2ac ./Src/syscalls.o
 .debug_frame   0x00000488       0x34 ./Src/sysmem.o
 .debug_frame   0x000004bc       0x94 ./Src/timebase.o
 .debug_frame   0x00000550       0xc8 ./Src/uart.o
 .debug_frame   0x00000618      0x144 /home/hollowknight/st/stm32cubeide_1.16.1/plugins/com.st.stm32cube.ide.mcu.externaltools.gnu-tools-for-stm32.12.3.rel1.linux64_1.0.200.202406132123/tools/bin/../lib/gcc/arm-none-eabi/12.3.1/../../../../arm-none-eabi/lib/thumb/v7e-m+fp/hard/libc_nano.a(libc_a-findfp.o)
 .debug_frame   0x0000075c       0x34 /home/hollowknight/st/stm32cubeide_1.16.1/plugins/com.st.stm32cube.ide.mcu.externaltools.gnu-tools-for-stm32.12.3.rel1.linux64_1.0.200.202406132123/tools/bin/../lib/gcc/arm-none-eabi/12.3.1/../../../../arm-none-eabi/lib/thumb/v7e-m+fp/hard/libc_nano.a(libc_a-fwalk.o)
 .debug_frame   0x00000790       0x6c /home/hollowknight/st/stm32cubeide_1.16.1/plugins/com.st.stm32cube.ide.mcu.externaltools.gnu-tools-for-stm32.12.3.rel1.linux64_1.0.200.202406132123/tools/bin/../lib/gcc/arm-none-eabi/12.3.1/../../../../arm-none-eabi/lib/thumb/v7e-m+fp/hard/libc_nano.a(libc_a-printf.o)
 .debug_frame   0x000007fc       0x88 /home/hollowknight/st/stm32cubeide_1.16.1/plugins/com.st.stm32cube.ide.mcu.externaltools.gnu-tools-for-stm32.12.3.rel1.linux64_1.0.200.202406132123/tools/bin/../lib/gcc/arm-none-eabi/12.3.1/../../../../arm-none-eabi/lib/thumb/v7e-m+fp/hard/libc_nano.a(libc_a-stdio.o)
 .debug_frame   0x00000884       0x20 /home/hollowknight/st/stm32cubeide_1.16.1/plugins/com.st.stm32cube.ide.mcu.externaltools.gnu-tools-for-stm32.12.3.rel1.linux64_1.0.200.202406132123/tools/bin/../lib/gcc/arm-none-eabi/12.3.1/../../../../arm-none-eabi/lib/thumb/v7e-m+fp/hard/libc_nano.a(libc_a-memset.o)
 .debug_frame   0x000008a4       0x2c /home/hollowknight/st/stm32cubeide_1.16.1/plugins/com.st.stm32cube.ide.mcu.externaltools.gnu-tools-for-stm32.12.3.rel1.linux64_1.0.200.202406132123/tools/bin/../lib/gcc/arm-none-eabi/12.3.1/../../../../arm-none-eabi/lib/thumb/v7e-m+fp/hard/libc_nano.a(libc_a-closer.o)
 .debug_frame   0x000008d0       0x38 /home/hollowknight/st/stm32cubeide_1.16.1/plugins/com.st.stm32cube.ide.mcu.externaltools.gnu-tools-for-stm32.12.3.rel1.linux64_1.0.200.202406132123/tools/bin/../lib/gcc/arm-none-eabi/12.3.1/../../../../arm-none-eabi/lib/thumb/v7e-m+fp/hard/libc_nano.a(libc_a-reent.o)
 .debug_frame   0x00000908       0x2c /home/hollowknight/st/stm32cubeide_1.16.1/plugins/com.st.stm32cube.ide.mcu.externaltools.gnu-tools-for-stm32.12.3.rel1.linux64_1.0.200.202406132123/tools/bin/../lib/gcc/arm-none-eabi/12.3.1/../../../../arm-none-eabi/lib/thumb/v7e-m+fp/hard/libc_nano.a(libc_a-lseekr.o)
 .debug_frame   0x00000934       0x2c /home/hollowknight/st/stm32cubeide_1.16.1/plugins/com.st.stm32cube.ide.mcu.externaltools.gnu-tools-for-stm32.12.3.rel1.linux64_1.0.200.202406132123/tools/bin/../lib/gcc/arm-none-eabi/12.3.1/../../../../arm-none-eabi/lib/thumb/v7e-m+fp/hard/libc_nano.a(libc_a-readr.o)
 .debug_frame   0x00000960       0x2c /home/hollowknight/st/stm32cubeide_1.16.1/plugins/com.st.stm32cube.ide.mcu.externaltools.gnu-tools-for-stm32.12.3.rel1.linux64_1.0.200.202406132123/tools/bin/../lib/gcc/arm-none-eabi/12.3.1/../../../../arm-none-eabi/lib/thumb/v7e-m+fp/hard/libc_nano.a(libc_a-writer.o)
 .debug_frame   0x0000098c       0x20 /home/hollowknight/st/stm32cubeide_1.16.1/plugins/com.st.stm32cube.ide.mcu.externaltools.gnu-tools-for-stm32.12.3.rel1.linux64_1.0.200.202406132123/tools/bin/../lib/gcc/arm-none-eabi/12.3.1/../../../../arm-none-eabi/lib/thumb/v7e-m+fp/hard/libc_nano.a(libc_a-errno.o)
 .debug_frame   0x000009ac       0x2c /home/hollowknight/st/stm32cubeide_1.16.1/plugins/com.st.stm32cube.ide.mcu.externaltools.gnu-tools-for-stm32.12.3.rel1.linux64_1.0.200.202406132123/tools/bin/../lib/gcc/arm-none-eabi/12.3.1/../../../../arm-none-eabi/lib/thumb/v7e-m+fp/hard/libc_nano.a(libc_a-init.o)
 .debug_frame   0x000009d8       0xb0 /home/hollowknight/st/stm32cubeide_1.16.1/plugins/com.st.stm32cube.ide.mcu.externaltools.gnu-tools-for-stm32.12.3.rel1.linux64_1.0.200.202406132123/tools/bin/../lib/gcc/arm-none-eabi/12.3.1/../../../../arm-none-eabi/lib/thumb/v7e-m+fp/hard/libc_nano.a(libc_a-lock.o)
 .debug_frame   0x00000a88       0x38 /home/hollowknight/st/stm32cubeide_1.16.1/plugins/com.st.stm32cube.ide.mcu.externaltools.gnu-tools-for-stm32.12.3.rel1.linux64_1.0.200.202406132123/tools/bin/../lib/gcc/arm-none-eabi/12.3.1/../../../../arm-none-eabi/lib/thumb/v7e-m+fp/hard/libc_nano.a(libc_a-freer.o)
 .debug_frame   0x00000ac0       0x50 /home/hollowknight/st/stm32cubeide_1.16.1/plugins/com.st.stm32cube.ide.mcu.externaltools.gnu-tools-for-stm32.12.3.rel1.linux64_1.0.200.202406132123/tools/bin/../lib/gcc/arm-none-eabi/12.3.1/../../../../arm-none-eabi/lib/thumb/v7e-m+fp/hard/libc_nano.a(libc_a-mallocr.o)
 .debug_frame   0x00000b10       0x30 /home/hollowknight/st/stm32cubeide_1.16.1/plugins/com.st.stm32cube.ide.mcu.externaltools.gnu-tools-for-stm32.12.3.rel1.linux64_1.0.200.202406132123/tools/bin/../lib/gcc/arm-none-eabi/12.3.1/../../../../arm-none-eabi/lib/thumb/v7e-m+fp/hard/libc_nano.a(libc_a-mlock.o)
 .debug_frame   0x00000b40       0xa8 /home/hollowknight/st/stm32cubeide_1.16.1/plugins/com.st.stm32cube.ide.mcu.externaltools.gnu-tools-for-stm32.12.3.rel1.linux64_1.0.200.202406132123/tools/bin/../lib/gcc/arm-none-eabi/12.3.1/../../../../arm-none-eabi/lib/thumb/v7e-m+fp/hard/libc_nano.a(libc_a-nano-vfprintf.o)
 .debug_frame   0x00000be8       0x60 /home/hollowknight/st/stm32cubeide_1.16.1/plugins/com.st.stm32cube.ide.mcu.externaltools.gnu-tools-for-stm32.12.3.rel1.linux64_1.0.200.202406132123/tools/bin/../lib/gcc/arm-none-eabi/12.3.1/../../../../arm-none-eabi/lib/thumb/v7e-m+fp/hard/libc_nano.a(libc_a-nano-vfprintf_i.o)
 .debug_frame   0x00000c48       0x5c /home/hollowknight/st/stm32cubeide_1.16.1/plugins/com.st.stm32cube.ide.mcu.externaltools.gnu-tools-for-stm32.12.3.rel1.linux64_1.0.200.202406132123/tools/bin/../lib/gcc/arm-none-eabi/12.3.1/../../../../arm-none-eabi/lib/thumb/v7e-m+fp/hard/libc_nano.a(libc_a-fflush.o)
 .debug_frame   0x00000ca4       0x40 /home/hollowknight/st/stm32cubeide_1.16.1/plugins/com.st.stm32cube.ide.mcu.externaltools.gnu-tools-for-stm32.12.3.rel1.linux64_1.0.200.202406132123/tools/bin/../lib/gcc/arm-none-eabi/12.3.1/../../../../arm-none-eabi/lib/thumb/v7e-m+fp/hard/libc_nano.a(libc_a-wbuf.o)
 .debug_frame   0x00000ce4       0x2c /home/hollowknight/st/stm32cubeide_1.16.1/plugins/com.st.stm32cube.ide.mcu.externaltools.gnu-tools-for-stm32.12.3.rel1.linux64_1.0.200.202406132123/tools/bin/../lib/gcc/arm-none-eabi/12.3.1/../../../../arm-none-eabi/lib/thumb/v7e-m+fp/hard/libc_nano.a(libc_a-wsetup.o)
 .debug_frame   0x00000d10       0x2c /home/hollowknight/st/stm32cubeide_1.16.1/plugins/com.st.stm32cube.ide.mcu.externaltools.gnu-tools-for-stm32.12.3.rel1.linux64_1.0.200.202406132123/tools/bin/../lib/gcc/arm-none-eabi/12.3.1/../../../../arm-none-eabi/lib/thumb/v7e-m+fp/hard/libc_nano.a(libc_a-sbrkr.o)
 .debug_frame   0x00000d3c       0x58 /home/hollowknight/st/stm32cubeide_1.16.1/plugins/com.st.stm32cube.ide.mcu.externaltools.gnu-tools-for-stm32.12.3.rel1.linux64_1.0.200.202406132123/tools/bin/../lib/gcc/arm-none-eabi/12.3.1/../../../../arm-none-eabi/lib/thumb/v7e-m+fp/hard/libc_nano.a(libc_a-makebuf.o)
 .debug_frame   0x00000d94       0x2c /home/hollowknight/st/stm32cubeide_1.16.1/plugins/com.st.stm32cube.ide.mcu.externaltools.gnu-tools-for-stm32.12.3.rel1.linux64_1.0.200.202406132123/tools/bin/../lib/gcc/arm-none-eabi/12.3.1/../../../../arm-none-eabi/lib/thumb/v7e-m+fp/hard/libc_nano.a(libc_a-fstatr.o)
 .debug_frame   0x00000dc0       0x2c /home/hollowknight/st/stm32cubeide_1.16.1/plugins/com.st.stm32cube.ide.mcu.externaltools.gnu-tools-for-stm32.12.3.rel1.linux64_1.0.200.202406132123/tools/bin/../lib/gcc/arm-none-eabi/12.3.1/../../../../arm-none-eabi/lib/thumb/v7e-m+fp/hard/libc_nano.a(libc_a-isattyr.o)

.debug_line_str
                0x00000000       0x66
 .debug_line_str
                0x00000000       0x66 ./Startup/startup_stm32f446retx.o
